[INFO] Scanning for projects...
[INFO] 
[INFO] --------------------< personal:FinanceApplication >---------------------
[INFO] Building FinanceApplication 0.0.1-SNAPSHOT
[INFO]   from pom.xml
[INFO] --------------------------------[ jar ]---------------------------------
[INFO] 
[INFO] --- resources:3.3.1:resources (default-resources) @ FinanceApplication ---
[INFO] Copying 1 resource from src\main\resources to target\classes
[INFO] Copying 0 resource from src\main\resources to target\classes
[INFO] 
[INFO] --- compiler:3.14.1:compile (default-compile) @ FinanceApplication ---
[INFO] Nothing to compile - all classes are up to date.
[INFO] ------------------------------------------------------------------------
[INFO] BUILD SUCCESS
[INFO] ------------------------------------------------------------------------
[INFO] Total time:  1.868 s
[INFO] Finished at: 2026-04-06T12:50:19+05:30
[INFO] ------------------------------------------------------------------------
